Archive member included to satisfy reference by file (symbol)

e:/imt_arm/arm tools/01- imt sdk/imt_sdk_win_64/imt_sdk_win_64/winarm/armgcc/bin/../lib/gcc/arm-none-eabi/7.2.1/../../../../arm-none-eabi/lib/thumb/v7-m\libg_nano.a(lib_a-errno.o)
                              ./system/src/newlib/_sbrk.o (__errno)
e:/imt_arm/arm tools/01- imt sdk/imt_sdk_win_64/imt_sdk_win_64/winarm/armgcc/bin/../lib/gcc/arm-none-eabi/7.2.1/../../../../arm-none-eabi/lib/thumb/v7-m\libg_nano.a(lib_a-impure.o)
                              e:/imt_arm/arm tools/01- imt sdk/imt_sdk_win_64/imt_sdk_win_64/winarm/armgcc/bin/../lib/gcc/arm-none-eabi/7.2.1/../../../../arm-none-eabi/lib/thumb/v7-m\libg_nano.a(lib_a-errno.o) (_impure_ptr)
e:/imt_arm/arm tools/01- imt sdk/imt_sdk_win_64/imt_sdk_win_64/winarm/armgcc/bin/../lib/gcc/arm-none-eabi/7.2.1/../../../../arm-none-eabi/lib/thumb/v7-m\libg_nano.a(lib_a-strlen.o)
                              ./system/src/diag/Trace.o (strlen)
e:/imt_arm/arm tools/01- imt sdk/imt_sdk_win_64/imt_sdk_win_64/winarm/armgcc/bin/../lib/gcc/arm-none-eabi/7.2.1/../../../../arm-none-eabi/lib/thumb/v7-m\libg_nano.a(lib_a-vsnprintf.o)
                              ./system/src/diag/Trace.o (vsnprintf)
e:/imt_arm/arm tools/01- imt sdk/imt_sdk_win_64/imt_sdk_win_64/winarm/armgcc/bin/../lib/gcc/arm-none-eabi/7.2.1/../../../../arm-none-eabi/lib/thumb/v7-m\libg_nano.a(lib_a-nano-svfprintf.o)
                              e:/imt_arm/arm tools/01- imt sdk/imt_sdk_win_64/imt_sdk_win_64/winarm/armgcc/bin/../lib/gcc/arm-none-eabi/7.2.1/../../../../arm-none-eabi/lib/thumb/v7-m\libg_nano.a(lib_a-vsnprintf.o) (_svfprintf_r)
e:/imt_arm/arm tools/01- imt sdk/imt_sdk_win_64/imt_sdk_win_64/winarm/armgcc/bin/../lib/gcc/arm-none-eabi/7.2.1/../../../../arm-none-eabi/lib/thumb/v7-m\libg_nano.a(lib_a-nano-vfprintf_i.o)
                              e:/imt_arm/arm tools/01- imt sdk/imt_sdk_win_64/imt_sdk_win_64/winarm/armgcc/bin/../lib/gcc/arm-none-eabi/7.2.1/../../../../arm-none-eabi/lib/thumb/v7-m\libg_nano.a(lib_a-nano-svfprintf.o) (_printf_i)
e:/imt_arm/arm tools/01- imt sdk/imt_sdk_win_64/imt_sdk_win_64/winarm/armgcc/bin/../lib/gcc/arm-none-eabi/7.2.1/../../../../arm-none-eabi/lib/thumb/v7-m\libg_nano.a(lib_a-memchr-stub.o)
                              e:/imt_arm/arm tools/01- imt sdk/imt_sdk_win_64/imt_sdk_win_64/winarm/armgcc/bin/../lib/gcc/arm-none-eabi/7.2.1/../../../../arm-none-eabi/lib/thumb/v7-m\libg_nano.a(lib_a-nano-svfprintf.o) (memchr)
e:/imt_arm/arm tools/01- imt sdk/imt_sdk_win_64/imt_sdk_win_64/winarm/armgcc/bin/../lib/gcc/arm-none-eabi/7.2.1/../../../../arm-none-eabi/lib/thumb/v7-m\libg_nano.a(lib_a-memcpy-stub.o)
                              e:/imt_arm/arm tools/01- imt sdk/imt_sdk_win_64/imt_sdk_win_64/winarm/armgcc/bin/../lib/gcc/arm-none-eabi/7.2.1/../../../../arm-none-eabi/lib/thumb/v7-m\libg_nano.a(lib_a-nano-svfprintf.o) (memcpy)
e:/imt_arm/arm tools/01- imt sdk/imt_sdk_win_64/imt_sdk_win_64/winarm/armgcc/bin/../lib/gcc/arm-none-eabi/7.2.1/../../../../arm-none-eabi/lib/thumb/v7-m\libg_nano.a(lib_a-memmove.o)
                              e:/imt_arm/arm tools/01- imt sdk/imt_sdk_win_64/imt_sdk_win_64/winarm/armgcc/bin/../lib/gcc/arm-none-eabi/7.2.1/../../../../arm-none-eabi/lib/thumb/v7-m\libg_nano.a(lib_a-nano-svfprintf.o) (memmove)
e:/imt_arm/arm tools/01- imt sdk/imt_sdk_win_64/imt_sdk_win_64/winarm/armgcc/bin/../lib/gcc/arm-none-eabi/7.2.1/../../../../arm-none-eabi/lib/thumb/v7-m\libg_nano.a(lib_a-nano-freer.o)
                              e:/imt_arm/arm tools/01- imt sdk/imt_sdk_win_64/imt_sdk_win_64/winarm/armgcc/bin/../lib/gcc/arm-none-eabi/7.2.1/../../../../arm-none-eabi/lib/thumb/v7-m\libg_nano.a(lib_a-nano-svfprintf.o) (_free_r)
e:/imt_arm/arm tools/01- imt sdk/imt_sdk_win_64/imt_sdk_win_64/winarm/armgcc/bin/../lib/gcc/arm-none-eabi/7.2.1/../../../../arm-none-eabi/lib/thumb/v7-m\libg_nano.a(lib_a-nano-mallocr.o)
                              e:/imt_arm/arm tools/01- imt sdk/imt_sdk_win_64/imt_sdk_win_64/winarm/armgcc/bin/../lib/gcc/arm-none-eabi/7.2.1/../../../../arm-none-eabi/lib/thumb/v7-m\libg_nano.a(lib_a-nano-svfprintf.o) (_malloc_r)
e:/imt_arm/arm tools/01- imt sdk/imt_sdk_win_64/imt_sdk_win_64/winarm/armgcc/bin/../lib/gcc/arm-none-eabi/7.2.1/../../../../arm-none-eabi/lib/thumb/v7-m\libg_nano.a(lib_a-nano-reallocr.o)
                              e:/imt_arm/arm tools/01- imt sdk/imt_sdk_win_64/imt_sdk_win_64/winarm/armgcc/bin/../lib/gcc/arm-none-eabi/7.2.1/../../../../arm-none-eabi/lib/thumb/v7-m\libg_nano.a(lib_a-nano-svfprintf.o) (_realloc_r)
e:/imt_arm/arm tools/01- imt sdk/imt_sdk_win_64/imt_sdk_win_64/winarm/armgcc/bin/../lib/gcc/arm-none-eabi/7.2.1/../../../../arm-none-eabi/lib/thumb/v7-m\libg_nano.a(lib_a-sbrkr.o)
                              e:/imt_arm/arm tools/01- imt sdk/imt_sdk_win_64/imt_sdk_win_64/winarm/armgcc/bin/../lib/gcc/arm-none-eabi/7.2.1/../../../../arm-none-eabi/lib/thumb/v7-m\libg_nano.a(lib_a-nano-mallocr.o) (_sbrk_r)
[...]
Memory Configuration

Name             Origin             Length             Attributes
RAM              0x20000000         0x00005000         xrw
CCMRAM           0x00000000         0x00000000         xrw
FLASH            0x08000000         0x00020000         xr
FLASHB1          0x00000000         0x00000000         xr
EXTMEMB0         0x00000000         0x00000000         xr
EXTMEMB1         0x00000000         0x00000000         xr
EXTMEMB2         0x00000000         0x00000000         xr
EXTMEMB3         0x00000000         0x00000000         xr
MEMORY_ARRAY     0x00000000         0x00000000         xrw
*default*        0x00000000         0xffffffff

Linker script and memory map

LOAD ./system/src/stm32f1-stdperiph/misc.o
LOAD ./system/src/stm32f1-stdperiph/stm32f10x_gpio.o
LOAD ./system/src/stm32f1-stdperiph/stm32f10x_rcc.o
LOAD ./system/src/newlib/_cxx.o
LOAD ./system/src/newlib/_exit.o
LOAD ./system/src/newlib/_sbrk.o
LOAD ./system/src/newlib/_startup.o
LOAD ./system/src/newlib/_syscalls.o
LOAD ./system/src/newlib/assert.o
LOAD ./system/src/diag/Trace.o
LOAD ./system/src/diag/trace_impl.o
LOAD ./system/src/cortexm/_initialize_hardware.o
LOAD ./system/src/cortexm/_reset_hardware.o
LOAD ./system/src/cortexm/exception_handlers.o
LOAD ./system/src/cmsis/system_stm32f10x.o
LOAD ./system/src/cmsis/vectors_stm32f10x.o
LOAD ./src/AFIO_Prog.o
LOAD ./src/DIO_Prog.o
LOAD ./src/DMA_Prog.o
LOAD ./src/FLASH_Prog.o
LOAD ./src/NVIC_Prog.o
LOAD ./src/NVIC_program.o
LOAD ./src/RCC_Prog.o
LOAD ./src/SYSTICK_Prog.o
LOAD ./src/USART_Prog.o
LOAD ./src/_write.o
LOAD ./src/flash_usart.o
LOAD ./src/main.o
LOAD e:/imt_arm/arm tools/01- imt sdk/imt_sdk_win_64/imt_sdk_win_64/winarm/armgcc/bin/../lib/gcc/arm-none-eabi/7.2.1/../../../../arm-none-eabi/lib/thumb/v7-m\libstdc++_nano.a
LOAD e:/imt_arm/arm tools/01- imt sdk/imt_sdk_win_64/imt_sdk_win_64/winarm/armgcc/bin/../lib/gcc/arm-none-eabi/7.2.1/../../../../arm-none-eabi/lib/thumb/v7-m\libm.a
START GROUP
LOAD e:/imt_arm/arm tools/01- imt sdk/imt_sdk_win_64/imt_sdk_win_64/winarm/armgcc/bin/../lib/gcc/arm-none-eabi/7.2.1/thumb/v7-m\libgcc.a
LOAD e:/imt_arm/arm tools/01- imt sdk/imt_sdk_win_64/imt_sdk_win_64/winarm/armgcc/bin/../lib/gcc/arm-none-eabi/7.2.1/../../../../arm-none-eabi/lib/thumb/v7-m\libg_nano.a
LOAD e:/imt_arm/arm tools/01- imt sdk/imt_sdk_win_64/imt_sdk_win_64/winarm/armgcc/bin/../lib/gcc/arm-none-eabi/7.2.1/../../../../arm-none-eabi/lib/thumb/v7-m\libc_nano.a
END GROUP
START GROUP
LOAD e:/imt_arm/arm tools/01- imt sdk/imt_sdk_win_64/imt_sdk_win_64/winarm/armgcc/bin/../lib/gcc/arm-none-eabi/7.2.1/thumb/v7-m\libgcc.a
LOAD e:/imt_arm/arm tools/01- imt sdk/imt_sdk_win_64/imt_sdk_win_64/winarm/armgcc/bin/../lib/gcc/arm-none-eabi/7.2.1/../../../../arm-none-eabi/lib/thumb/v7-m\libc_nano.a
END GROUP
                0x20005000                __stack = (ORIGIN (RAM) + LENGTH (RAM))
                0x20005000                _estack = __stack
                0x00000400                __Main_Stack_Size = 0x400
                [!provide]                PROVIDE (_Main_Stack_Size, __Main_Stack_Size)
                0x20004c00                __Main_Stack_Limit = (__stack - __Main_Stack_Size)
                [!provide]                PROVIDE (_Main_Stack_Limit, __Main_Stack_Limit)
                0x00000100                _Minimum_Stack_Size = 0x100
                0x20000540                PROVIDE (_Heap_Begin, _end_noinit)
                0x20004c00                PROVIDE (_Heap_Limit, (__stack - __Main_Stack_Size))

.isr_vector     0x08000000      0x350
 FILL mask 0xff
                0x08000000                __vectors_start = ABSOLUTE (.)
                0x08000000                __vectors_start__ = ABSOLUTE (.)
 *(.isr_vector)
 .isr_vector    0x08000000      0x10c ./system/src/cmsis/vectors_stm32f10x.o
                0x08000000                __isr_vectors
 *(.cfmconfig)
 *(.after_vectors .after_vectors.*)
 .after_vectors
                0x0800010c      0x114 ./system/src/newlib/_startup.o
                0x0800010c                _start
 .after_vectors
                0x08000220      0x12c ./system/src/cortexm/exception_handlers.o
                0x08000220                Reset_Handler
                0x08000226                NMI_Handler
                0x0800022a                HardFault_Handler
                0x0800023e                HardFault_Handler_C
                0x0800029c                MemManage_Handler
                0x080002a0                BusFault_Handler
                0x080002b4                BusFault_Handler_C
                0x080002e8                UsageFault_Handler
                0x080002fc                UsageFault_Handler_C
                0x08000330                SVC_Handler
                0x08000334                DebugMon_Handler
                0x08000338                PendSV_Handler
                0x0800033c                SysTick_Handler
 .after_vectors
                0x0800034c        0x4 ./system/src/cmsis/vectors_stm32f10x.o
                0x0800034c                EXTI2_IRQHandler
                0x0800034c                TIM8_TRG_COM_IRQHandler
                0x0800034c                TIM8_CC_IRQHandler
                0x0800034c                TIM1_CC_IRQHandler
                0x0800034c                TIM6_IRQHandler
                0x0800034c                PVD_IRQHandler
                0x0800034c                SDIO_IRQHandler
                0x0800034c                CAN2_RX1_IRQHandler
                0x0800034c                EXTI3_IRQHandler
                0x0800034c                TIM8_TRG_COM_TIM14_IRQHandler
                0x0800034c                TIM1_UP_TIM10_IRQHandler
                0x0800034c                TIM8_UP_TIM13_IRQHandler
                0x0800034c                EXTI0_IRQHandler
                0x0800034c                I2C2_EV_IRQHandler
                0x0800034c                CAN1_RX0_IRQHandler
                0x0800034c                TIM1_UP_TIM16_IRQHandler
                0x0800034c                CAN2_SCE_IRQHandler
                0x0800034c                ADC1_2_IRQHandler
                0x0800034c                SPI1_IRQHandler
                0x0800034c                TAMPER_IRQHandler
                0x0800034c                TIM6_DAC_IRQHandler
                0x0800034c                TIM1_BRK_TIM9_IRQHandler
                0x0800034c                CAN2_RX0_IRQHandler
                0x0800034c                TIM8_UP_IRQHandler
                0x0800034c                DMA2_Channel2_IRQHandler
                0x0800034c                USART3_IRQHandler
                0x0800034c                RTC_IRQHandler
                0x0800034c                DMA1_Channel7_IRQHandler
                0x0800034c                CAN1_RX1_IRQHandler
                0x0800034c                UART5_IRQHandler
                0x0800034c                ADC3_IRQHandler
                0x0800034c                TIM4_IRQHandler
                0x0800034c                DMA2_Channel1_IRQHandler
                0x0800034c                I2C1_EV_IRQHandler
                0x0800034c                DMA1_Channel6_IRQHandler
                0x0800034c                UART4_IRQHandler
                0x0800034c                DMA2_Channel4_IRQHandler
                0x0800034c                TIM3_IRQHandler
                0x0800034c                RCC_IRQHandler
                0x0800034c                TIM8_BRK_TIM12_IRQHandler
                0x0800034c                TIM1_TRG_COM_IRQHandler
                0x0800034c                DMA1_Channel1_IRQHandler
                0x0800034c                Default_Handler
                0x0800034c                CEC_IRQHandler
                0x0800034c                EXTI15_10_IRQHandler
                0x0800034c                TIM14_IRQHandler
                0x0800034c                TIM13_IRQHandler
                0x0800034c                TIM12_IRQHandler
                0x0800034c                TIM7_IRQHandler
                0x0800034c                CAN2_TX_IRQHandler
                0x0800034c                TIM5_IRQHandler
                0x0800034c                EXTI9_5_IRQHandler
                0x0800034c                ETH_WKUP_IRQHandler
                0x0800034c                SPI2_IRQHandler
                0x0800034c                CAN1_TX_IRQHandler
                0x0800034c                DMA2_Channel5_IRQHandler
                0x0800034c                DMA1_Channel5_IRQHandler
                0x0800034c                EXTI4_IRQHandler
                0x0800034c                USB_LP_CAN1_RX0_IRQHandler
                0x0800034c                TIM1_TRG_COM_TIM17_IRQHandler
                0x0800034c                USB_HP_CAN1_TX_IRQHandler
                0x0800034c                DMA1_Channel3_IRQHandler
                0x0800034c                FSMC_IRQHandler
                0x0800034c                ETH_IRQHandler
                0x0800034c                TIM1_UP_IRQHandler
                0x0800034c                WWDG_IRQHandler
                0x0800034c                TIM2_IRQHandler
                0x0800034c                OTG_FS_WKUP_IRQHandler
                0x0800034c                TIM1_TRG_COM_TIM11_IRQHandler
                0x0800034c                TIM1_BRK_IRQHandler
                0x0800034c                EXTI1_IRQHandler
                0x0800034c                RTCAlarm_IRQHandler
                0x0800034c                DMA2_Channel4_5_IRQHandler
                0x0800034c                USART2_IRQHandler
                0x0800034c                I2C2_ER_IRQHandler
                0x0800034c                DMA1_Channel2_IRQHandler
                0x0800034c                TIM8_BRK_IRQHandler
                0x0800034c                CAN1_SCE_IRQHandler
                0x0800034c                FLASH_IRQHandler
                0x0800034c                OTG_FS_IRQHandler
                0x0800034c                SPI3_IRQHandler
                0x0800034c                I2C1_ER_IRQHandler
                0x0800034c                USBWakeUp_IRQHandler
                0x0800034c                DMA2_Channel3_IRQHandler
                0x0800034c                TIM1_BRK_TIM15_IRQHandler

.inits          0x08000350       0x28
                0x08000350                __data_regions_array_start = .
                0x08000350        0x4 LONG 0x8001948 LOADADDR (.data)
                0x08000354        0x4 LONG 0x20000000 ADDR (.data)
                0x08000358        0x4 LONG 0x2000019c (ADDR (.data) + SIZEOF (.data))
                0x0800035c        0x4 LONG 0x8001948 LOADADDR (.data_CCMRAM)
                0x08000360        0x4 LONG 0x0 ADDR (.data_CCMRAM)
                0x08000364        0x4 LONG 0x0 (ADDR (.data_CCMRAM) + SIZEOF (.data_CCMRAM))
                0x08000368                __data_regions_array_end = .
                0x08000368                __bss_regions_array_start = .
                0x08000368        0x4 LONG 0x2000019c ADDR (.bss)
                0x0800036c        0x4 LONG 0x20000540 (ADDR (.bss) + SIZEOF (.bss))
                0x08000370        0x4 LONG 0x0 ADDR (.bss_CCMRAM)
                0x08000374        0x4 LONG 0x0 (ADDR (.bss_CCMRAM) + SIZEOF (.bss_CCMRAM))
                0x08000378                __bss_regions_array_end = .
 *(.init)
 *(.fini)
                0x08000378                . = ALIGN (0x4)
                0x08000378                PROVIDE (__preinit_array_start, .)
 *(.preinit_array_sysinit .preinit_array_sysinit.*)
 *(.preinit_array_platform .preinit_array_platform.*)
 *(.preinit_array .preinit_array.*)
                0x08000378                PROVIDE (__preinit_array_end, .)
                0x08000378                . = ALIGN (0x4)
                0x08000378                PROVIDE (__init_array_start, .)
 *(SORT_BY_NAME(.init_array.*))
 *(.init_array)
                0x08000378                PROVIDE (__init_array_end, .)
                0x08000378                . = ALIGN (0x4)
                0x08000378                PROVIDE (__fini_array_start, .)
 *(SORT_BY_NAME(.fini_array.*))
 *(.fini_array)
                0x08000378                PROVIDE (__fini_array_end, .)

.flashtext
 *(.flashtext .flashtext.*)

.text           0x08000378     0x15cf
 *(.text .text.*)
 .text._exit    0x08000378        0x2 ./system/src/newlib/_exit.o
                0x08000378                _exit
 *fill*         0x0800037a        0x2 
 .text._sbrk    0x0800037c       0x44 ./system/src/newlib/_sbrk.o
                0x0800037c                _sbrk
 .text.__initialize_args
                0x080003c0       0x10 ./system/src/newlib/_syscalls.o
                0x080003c0                __initialize_args
 .text.trace_printf
                0x080003d0       0x30 ./system/src/diag/Trace.o
                0x080003d0                trace_printf
 .text._trace_write_semihosting_debug
                0x08000400       0x60 ./system/src/diag/trace_impl.o
 .text.trace_write
                0x08000460        0x8 ./system/src/diag/trace_impl.o
                0x08000460                trace_write
 .text.__initialize_hardware_early
                0x08000468       0x18 ./system/src/cortexm/_initialize_hardware.o
                0x08000468                __initialize_hardware_early
 .text.__initialize_hardware
                0x08000480        0x8 ./system/src/cortexm/_initialize_hardware.o
                0x08000480                __initialize_hardware
 .text.dumpExceptionStack
                0x08000488       0xf4 ./system/src/cortexm/exception_handlers.o
                0x08000488                dumpExceptionStack
 .text.isSemihosting
                0x0800057c       0x20 ./system/src/cortexm/exception_handlers.o
                0x0800057c                isSemihosting
 .text.SetSysClockTo72
                0x0800059c       0xc4 ./system/src/cmsis/system_stm32f10x.o
 .text.SetSysClock
                0x08000660        0x8 ./system/src/cmsis/system_stm32f10x.o
 .text.SystemInit
                0x08000668       0x50 ./system/src/cmsis/system_stm32f10x.o
                0x08000668                SystemInit
 .text.SystemCoreClockUpdate
                0x080006b8       0x94 ./system/src/cmsis/system_stm32f10x.o
                0x080006b8                SystemCoreClockUpdate
 .text.DIO_Init
                0x0800074c       0x40 ./src/DIO_Prog.o
                0x0800074c                DIO_Init
 .text.DIO_SetPinConfig
                0x0800078c       0x88 ./src/DIO_Prog.o
                0x0800078c                DIO_SetPinConfig
 .text.strTransmit
                0x08000814       0x40 ./src/DMA_Prog.o
                0x08000814                strTransmit
 .text.FLASH_USART1_TX_DMA_CONFIG
                0x08000854       0x68 ./src/DMA_Prog.o
                0x08000854                FLASH_USART1_TX_DMA_CONFIG
 .text.FLASH_USART1_RX_DMA_CONFIG
                0x080008bc       0xa0 ./src/DMA_Prog.o
                0x080008bc                FLASH_USART1_RX_DMA_CONFIG
 .text.DMA1_Channel4_IRQHandler
                0x0800095c       0x20 ./src/DMA_Prog.o
                0x0800095c                DMA1_Channel4_IRQHandler
 .text.DMA1_Channel5_Do
                0x0800097c       0x5c ./src/DMA_Prog.o
                0x0800097c                DMA1_Channel5_Do
 .text.Flash_Init
                0x080009d8       0x1c ./src/FLASH_Prog.o
                0x080009d8                Flash_Init
 .text.Flash_Lock
                0x080009f4        0xc ./src/FLASH_Prog.o
                0x080009f4                Flash_Lock
 .text.Flash_Unlock
                0x08000a00       0x18 ./src/FLASH_Prog.o
                0x08000a00                Flash_Unlock
 .text.Erase_Sector
                0x08000a18       0x6c ./src/FLASH_Prog.o
                0x08000a18                Erase_Sector
 .text.NVIC_voidEnableInt
                0x08000a84       0x2c ./src/NVIC_program.o
                0x08000a84                NVIC_voidEnableInt
 .text.NVIC_voidSetIntPriority
                0x08000ab0       0x10 ./src/NVIC_program.o
                0x08000ab0                NVIC_voidSetIntPriority
 .text.RCC_voidInit
                0x08000ac0       0x38 ./src/RCC_Prog.o
                0x08000ac0                RCC_voidInit
 .text.RCC_voidEnableClock
                0x08000af8       0x58 ./src/RCC_Prog.o
                0x08000af8                RCC_voidEnableClock
 .text.FLASH_USART1_ENABLE
                0x08000b50       0x4c ./src/USART_Prog.o
                0x08000b50                FLASH_USART1_ENABLE
 .text.USART1_IRQHandler
                0x08000b9c       0x2c ./src/USART_Prog.o
                0x08000b9c                USART1_IRQHandler
 .text.check_errors
                0x08000bc8       0x80 ./src/flash_usart.o
 .text.process_command
                0x08000c48      0x1c8 ./src/flash_usart.o
 .text.Flash_Main
                0x08000e10       0xc8 ./src/flash_usart.o
                0x08000e10                Flash_Main
 .text.main     0x08000ed8       0x88 ./src/main.o
                0x08000ed8                main
 .text.__errno  0x08000f60        0xc e:/imt_arm/arm tools/01- imt sdk/imt_sdk_win_64/imt_sdk_win_64/winarm/armgcc/bin/../lib/gcc/arm-none-eabi/7.2.1/../../../../arm-none-eabi/lib/thumb/v7-m\libg_nano.a(lib_a-errno.o)
                0x08000f60                __errno
 .text._vsnprintf_r
                0x08000f6c       0x58 e:/imt_arm/arm tools/01- imt sdk/imt_sdk_win_64/imt_sdk_win_64/winarm/armgcc/bin/../lib/gcc/arm-none-eabi/7.2.1/../../../../arm-none-eabi/lib/thumb/v7-m\libg_nano.a(lib_a-vsnprintf.o)
                0x08000f6c                _vsniprintf_r
                0x08000f6c                _vsnprintf_r
 .text.vsnprintf
                0x08000fc4       0x1c e:/imt_arm/arm tools/01- imt sdk/imt_sdk_win_64/imt_sdk_win_64/winarm/armgcc/bin/../lib/gcc/arm-none-eabi/7.2.1/../../../../arm-none-eabi/lib/thumb/v7-m\libg_nano.a(lib_a-vsnprintf.o)
                0x08000fc4                vsniprintf
                0x08000fc4                vsnprintf
 .text.__ssputs_r
                0x08000fe0       0xb4 e:/imt_arm/arm tools/01- imt sdk/imt_sdk_win_64/imt_sdk_win_64/winarm/armgcc/bin/../lib/gcc/arm-none-eabi/7.2.1/../../../../arm-none-eabi/lib/thumb/v7-m\libg_nano.a(lib_a-nano-svfprintf.o)
                0x08000fe0                __ssputs_r
 .text._svfprintf_r
                0x08001094      0x1ec e:/imt_arm/arm tools/01- imt sdk/imt_sdk_win_64/imt_sdk_win_64/winarm/armgcc/bin/../lib/gcc/arm-none-eabi/7.2.1/../../../../arm-none-eabi/lib/thumb/v7-m\libg_nano.a(lib_a-nano-svfprintf.o)
                0x08001094                _svfiprintf_r
                0x08001094                _svfprintf_r
 .text._printf_common
                0x08001280       0xec e:/imt_arm/arm tools/01- imt sdk/imt_sdk_win_64/imt_sdk_win_64/winarm/armgcc/bin/../lib/gcc/arm-none-eabi/7.2.1/../../../../arm-none-eabi/lib/thumb/v7-m\libg_nano.a(lib_a-nano-vfprintf_i.o)
                0x08001280                _printf_common
 .text._printf_i
                0x0800136c      0x224 e:/imt_arm/arm tools/01- imt sdk/imt_sdk_win_64/imt_sdk_win_64/winarm/armgcc/bin/../lib/gcc/arm-none-eabi/7.2.1/../../../../arm-none-eabi/lib/thumb/v7-m\libg_nano.a(lib_a-nano-vfprintf_i.o)
                0x0800136c                _printf_i
 .text.memchr   0x08001590       0x1c e:/imt_arm/arm tools/01- imt sdk/imt_sdk_win_64/imt_sdk_win_64/winarm/armgcc/bin/../lib/gcc/arm-none-eabi/7.2.1/../../../../arm-none-eabi/lib/thumb/v7-m\libg_nano.a(lib_a-memchr-stub.o)
                0x08001590                memchr
 .text.memcpy   0x080015ac       0x16 e:/imt_arm/arm tools/01- imt sdk/imt_sdk_win_64/imt_sdk_win_64/winarm/armgcc/bin/../lib/gcc/arm-none-eabi/7.2.1/../../../../arm-none-eabi/lib/thumb/v7-m\libg_nano.a(lib_a-memcpy-stub.o)
                0x080015ac                memcpy
 .text.memmove  0x080015c2       0x32 e:/imt_arm/arm tools/01- imt sdk/imt_sdk_win_64/imt_sdk_win_64/winarm/armgcc/bin/../lib/gcc/arm-none-eabi/7.2.1/../../../../arm-none-eabi/lib/thumb/v7-m\libg_nano.a(lib_a-memmove.o)
                0x080015c2                memmove
 .text._free_r  0x080015f4       0x98 e:/imt_arm/arm tools/01- imt sdk/imt_sdk_win_64/imt_sdk_win_64/winarm/armgcc/bin/../lib/gcc/arm-none-eabi/7.2.1/../../../../arm-none-eabi/lib/thumb/v7-m\libg_nano.a(lib_a-nano-freer.o)
                0x080015f4                _free_r
 .text._malloc_r
                0x0800168c       0xb4 e:/imt_arm/arm tools/01- imt sdk/imt_sdk_win_64/imt_sdk_win_64/winarm/armgcc/bin/../lib/gcc/arm-none-eabi/7.2.1/../../../../arm-none-eabi/lib/thumb/v7-m\libg_nano.a(lib_a-nano-mallocr.o)
                0x0800168c                _malloc_r
 .text._realloc_r
                0x08001740       0x4c e:/imt_arm/arm tools/01- imt sdk/imt_sdk_win_64/imt_sdk_win_64/winarm/armgcc/bin/../lib/gcc/arm-none-eabi/7.2.1/../../../../arm-none-eabi/lib/thumb/v7-m\libg_nano.a(lib_a-nano-reallocr.o)
                0x08001740                _realloc_r
 .text._sbrk_r  0x0800178c       0x20 e:/imt_arm/arm tools/01- imt sdk/imt_sdk_win_64/imt_sdk_win_64/winarm/armgcc/bin/../lib/gcc/arm-none-eabi/7.2.1/../../../../arm-none-eabi/lib/thumb/v7-m\libg_nano.a(lib_a-sbrkr.o)
                0x0800178c                _sbrk_r
 .text.__malloc_lock
                0x080017ac        0x2 e:/imt_arm/arm tools/01- imt sdk/imt_sdk_win_64/imt_sdk_win_64/winarm/armgcc/bin/../lib/gcc/arm-none-eabi/7.2.1/../../../../arm-none-eabi/lib/thumb/v7-m\libg_nano.a(lib_a-mlock.o)
                0x080017ac                __malloc_lock
 .text.__malloc_unlock
                0x080017ae        0x2 e:/imt_arm/arm tools/01- imt sdk/imt_sdk_win_64/imt_sdk_win_64/winarm/armgcc/bin/../lib/gcc/arm-none-eabi/7.2.1/../../../../arm-none-eabi/lib/thumb/v7-m\libg_nano.a(lib_a-mlock.o)
                0x080017ae                __malloc_unlock
 .text._malloc_usable_size_r
                0x080017b0       0x10 e:/imt_arm/arm tools/01- imt sdk/imt_sdk_win_64/imt_sdk_win_64/winarm/armgcc/bin/../lib/gcc/arm-none-eabi/7.2.1/../../../../arm-none-eabi/lib/thumb/v7-m\libg_nano.a(lib_a-nano-msizer.o)
                0x080017b0                _malloc_usable_size_r
 *(.rodata .rodata.* .constdata .constdata.*)
 .rodata.dumpExceptionStack.str1.4
                0x080017c0      0x11a ./system/src/cortexm/exception_handlers.o
 *fill*         0x080018da        0x2 
 .rodata.str1.4
                0x080018dc       0x2a ./system/src/cortexm/exception_handlers.o
 *fill*         0x08001906        0x2 
 .rodata.Flash_Main.str1.4
                0x08001908        0xc ./src/flash_usart.o
                                  0x9 (size before relaxing)
 .rodata._svfprintf_r.str1.1
                0x08001914       0x11 e:/imt_arm/arm tools/01- imt sdk/imt_sdk_win_64/imt_sdk_win_64/winarm/armgcc/bin/../lib/gcc/arm-none-eabi/7.2.1/../../../../arm-none-eabi/lib/thumb/v7-m\libg_nano.a(lib_a-nano-svfprintf.o)
 .rodata._printf_i.str1.1
                0x08001925       0x22 e:/imt_arm/arm tools/01- imt sdk/imt_sdk_win_64/imt_sdk_win_64/winarm/armgcc/bin/../lib/gcc/arm-none-eabi/7.2.1/../../../../arm-none-eabi/lib/thumb/v7-m\libg_nano.a(lib_a-nano-vfprintf_i.o)
 *(vtable)
 *(.eh_frame*)
 *(.glue_7)
 .glue_7        0x08001947        0x0 linker stubs
 *(.glue_7t)
 .glue_7t       0x08001947        0x0 linker stubs

.vfp11_veneer   0x08001948        0x0
 .vfp11_veneer  0x08001948        0x0 linker stubs

.v4_bx          0x08001948        0x0
 .v4_bx         0x08001948        0x0 linker stubs

.iplt           0x08001948        0x0
 .iplt          0x08001948        0x0 ./system/src/newlib/_exit.o

.rel.dyn        0x08001948        0x0
 .rel.iplt      0x08001948        0x0 ./system/src/newlib/_exit.o

.ARM.extab
 *(.ARM.extab* .gnu.linkonce.armextab.*)
                0x08001948                . = ALIGN (0x4)
                0x08001948                __exidx_start = .

.ARM.exidx
 *(.ARM.exidx* .gnu.linkonce.armexidx.*)
                0x08001948                __exidx_end = .
                0x08001948                . = ALIGN (0x4)
                0x08001948                _etext = .
                0x08001948                __etext = .

.data_CCMRAM    0x00000000        0x0 load address 0x08001948
 FILL mask 0xff
 *(.data.CCMRAM .data.CCMRAM.*)
                0x00000000                . = ALIGN (0x4)
                0x08001948                _sidata = LOADADDR (.data)

.data           0x20000000      0x19c load address 0x08001948
 FILL mask 0xff
                0x20000000                _sdata = .
                0x20000000                __data_start__ = .
 *(.data_begin .data_begin.*)
 .data_begin    0x20000000        0x4 ./system/src/newlib/_startup.o
 *(.data .data.*)
 .data.argv.4310
                0x20000004        0x8 ./system/src/newlib/_syscalls.o
 .data.AHBPrescTable
                0x2000000c       0x10 ./system/src/cmsis/system_stm32f10x.o
                0x2000000c                AHBPrescTable
 .data.SystemCoreClock
                0x2000001c        0x4 ./system/src/cmsis/system_stm32f10x.o
                0x2000001c                SystemCoreClock
 .data.ACK      0x20000020        0x4 ./src/flash_usart.o
 .data.NACK     0x20000024        0x5 ./src/flash_usart.o
 *fill*         0x20000029        0x3 ff
 .data.erase    0x2000002c       0x10 ./src/flash_usart.o
 .data.error_PGSERR
                0x2000003c       0x1b ./src/flash_usart.o
 *fill*         0x20000057        0x1 ff
 .data.error_WRPERR
                0x20000058       0x17 ./src/flash_usart.o
 *fill*         0x2000006f        0x1 ff
 .data.hello    0x20000070       0x1e ./src/flash_usart.o
 *fill*         0x2000008e        0x2 ff
 .data.jump     0x20000090        0xf ./src/flash_usart.o
 *fill*         0x2000009f        0x1 ff
 .data.line     0x200000a0       0x2f ./src/flash_usart.o
 *fill*         0x200000cf        0x1 ff
 .data.lock     0x200000d0        0xe ./src/flash_usart.o
 *fill*         0x200000de        0x2 ff
 .data.read_data
                0x200000e0        0xd ./src/flash_usart.o
 *fill*         0x200000ed        0x3 ff
 .data.select_cmd
                0x200000f0       0x24 ./src/flash_usart.o
 .data.unlock   0x20000114       0x10 ./src/flash_usart.o
 .data.write_data
                0x20000124        0xe ./src/flash_usart.o
 *fill*         0x20000132        0x2 ff
 .data._impure_ptr
                0x20000134        0x4 e:/imt_arm/arm tools/01- imt sdk/imt_sdk_win_64/imt_sdk_win_64/winarm/armgcc/bin/../lib/gcc/arm-none-eabi/7.2.1/../../../../arm-none-eabi/lib/thumb/v7-m\libg_nano.a(lib_a-impure.o)
                0x20000134                _impure_ptr
 .data.impure_data
                0x20000138       0x60 e:/imt_arm/arm tools/01- imt sdk/imt_sdk_win_64/imt_sdk_win_64/winarm/armgcc/bin/../lib/gcc/arm-none-eabi/7.2.1/../../../../arm-none-eabi/lib/thumb/v7-m\libg_nano.a(lib_a-impure.o)
 *(.data_end .data_end.*)
 .data_end      0x20000198        0x4 ./system/src/newlib/_startup.o
                0x2000019c                . = ALIGN (0x4)
                0x2000019c                _edata = .
                0x2000019c                __data_end__ = .

.igot.plt       0x2000019c        0x0 load address 0x08001ae4
 .igot.plt      0x2000019c        0x0 ./system/src/newlib/_exit.o

.bss_CCMRAM     0x00000000        0x0
 *(.bss.CCMRAM .bss.CCMRAM.*)

.bss            0x2000019c      0x3a4
                0x2000019c                __bss_start__ = .
                0x2000019c                _sbss = .
 *(.bss_begin .bss_begin.*)
 .bss_begin     0x2000019c        0x4 ./system/src/newlib/_startup.o
 *(.bss .bss.*)
 .bss.current_heap_end.3961
                0x200001a0        0x4 ./system/src/newlib/_sbrk.o
 .bss.name.4309
                0x200001a4        0x1 ./system/src/newlib/_syscalls.o
 *fill*         0x200001a5        0x3 
 .bss.buf.5205  0x200001a8       0x80 ./system/src/diag/Trace.o
 .bss.RxMessageLength
                0x20000228        0x1 ./src/flash_usart.o
                0x20000228                RxMessageLength
 .bss.currentState
                0x20000229        0x1 ./src/flash_usart.o
 *fill*         0x2000022a        0x2 
 .bss.__malloc_free_list
                0x2000022c        0x4 e:/imt_arm/arm tools/01- imt sdk/imt_sdk_win_64/imt_sdk_win_64/winarm/armgcc/bin/../lib/gcc/arm-none-eabi/7.2.1/../../../../arm-none-eabi/lib/thumb/v7-m\libg_nano.a(lib_a-nano-mallocr.o)
                0x2000022c                __malloc_free_list
 .bss.__malloc_sbrk_start
                0x20000230        0x4 e:/imt_arm/arm tools/01- imt sdk/imt_sdk_win_64/imt_sdk_win_64/winarm/armgcc/bin/../lib/gcc/arm-none-eabi/7.2.1/../../../../arm-none-eabi/lib/thumb/v7-m\libg_nano.a(lib_a-nano-mallocr.o)
                0x20000230                __malloc_sbrk_start
 *(COMMON)
 COMMON         0x20000234        0x4 ./system/src/newlib/_syscalls.o
                0x20000234                errno
 COMMON         0x20000238       0x80 ./src/DMA_Prog.o
                0x20000238                RxDMABuffer
 COMMON         0x200002b8      0x281 ./src/USART_Prog.o
                0x200002b8                arr
                0x200004b8                RxBuffer
 *(.bss_end .bss_end.*)
 *fill*         0x20000539        0x3 
 .bss_end       0x2000053c        0x4 ./system/src/newlib/_startup.o
                0x20000540                . = ALIGN (0x4)
                0x20000540                __bss_end__ = .
                0x20000540                _ebss = .

.noinit_CCMRAM
 *(.noinit.CCMRAM .noinit.CCMRAM.*)

.noinit         0x20000540        0x0
                0x20000540                _noinit = .
 *(.noinit .noinit.*)
                0x20000540                . = ALIGN (0x4)
                0x20000540                _end_noinit = .
                [!provide]                PROVIDE (end, _end_noinit)
                [!provide]                PROVIDE (_end, _end_noinit)
                [!provide]                PROVIDE (__end, _end_noinit)
                [!provide]                PROVIDE (__end__, _end_noinit)

._check_stack   0x20000540      0x100
                0x20000640                . = (. + _Minimum_Stack_Size)
 *fill*         0x20000540      0x100 

.b1text
 *(.b1text)
 *(.b1rodata)
 *(.b1rodata.*)

.eb0text
 *(.eb0text)
 *(.eb0rodata)
 *(.eb0rodata.*)

.eb1text
 *(.eb1text)
 *(.eb1rodata)
 *(.eb1rodata.*)

.eb2text
 *(.eb2text)
 *(.eb2rodata)
 *(.eb2rodata.*)

.eb3text
 *(.eb3text)
 *(.eb3rodata)
 *(.eb3rodata.*)

.stab
 *(.stab)

.stabstr
 *(.stabstr)

.stab.excl
 *(.stab.excl)

.stab.exclstr
 *(.stab.exclstr)

.stab.index
 *(.stab.index)

.stab.indexstr
 *(.stab.indexstr)

.comment        0x00000000       0x7e
 *(.comment)
 .comment       0x00000000       0x7e ./system/src/newlib/_exit.o
                                 0x7f (size before relaxing)
 .comment       0x0000007e       0x7f ./system/src/newlib/_sbrk.o
 .comment       0x0000007e       0x7f ./system/src/newlib/_startup.o
 .comment       0x0000007e       0x7f ./system/src/newlib/_syscalls.o
 .comment       0x0000007e       0x7f ./system/src/diag/Trace.o
 .comment       0x0000007e       0x7f ./system/src/diag/trace_impl.o
 .comment       0x0000007e       0x7f ./system/src/cortexm/_initialize_hardware.o
 .comment       0x0000007e       0x7f ./system/src/cortexm/exception_handlers.o
 .comment       0x0000007e       0x7f ./system/src/cmsis/system_stm32f10x.o
 .comment       0x0000007e       0x7f ./system/src/cmsis/vectors_stm32f10x.o
 .comment       0x0000007e       0x7f ./src/DIO_Prog.o
 .comment       0x0000007e       0x7f ./src/DMA_Prog.o
 .comment       0x0000007e       0x7f ./src/FLASH_Prog.o
 .comment       0x0000007e       0x7f ./src/NVIC_program.o
 .comment       0x0000007e       0x7f ./src/RCC_Prog.o
 .comment       0x0000007e       0x7f ./src/USART_Prog.o
 .comment       0x0000007e       0x7f ./src/flash_usart.o
 .comment       0x0000007e       0x7f ./src/main.o

.ARM.attributes
                0x00000000       0x31
 .ARM.attributes
                0x00000000       0x33 ./system/src/newlib/_exit.o
 .ARM.attributes
                0x00000033       0x33 ./system/src/newlib/_sbrk.o
 .ARM.attributes
                0x00000066       0x33 ./system/src/newlib/_startup.o
 .ARM.attributes
                0x00000099       0x33 ./system/src/newlib/_syscalls.o
 .ARM.attributes
                0x000000cc       0x33 ./system/src/diag/Trace.o
 .ARM.attributes
                0x000000ff       0x33 ./system/src/diag/trace_impl.o
 .ARM.attributes
                0x00000132       0x33 ./system/src/cortexm/_initialize_hardware.o
 .ARM.attributes
                0x00000165       0x33 ./system/src/cortexm/exception_handlers.o
 .ARM.attributes
                0x00000198       0x33 ./system/src/cmsis/system_stm32f10x.o
 .ARM.attributes
                0x000001cb       0x33 ./system/src/cmsis/vectors_stm32f10x.o
 .ARM.attributes
                0x000001fe       0x33 ./src/DIO_Prog.o
 .ARM.attributes
                0x00000231       0x33 ./src/DMA_Prog.o
 .ARM.attributes
                0x00000264       0x33 ./src/FLASH_Prog.o
 .ARM.attributes
                0x00000297       0x33 ./src/NVIC_program.o
 .ARM.attributes
                0x000002ca       0x33 ./src/RCC_Prog.o
 .ARM.attributes
                0x000002fd       0x33 ./src/USART_Prog.o
 .ARM.attributes
                0x00000330       0x33 ./src/flash_usart.o
 .ARM.attributes
                0x00000363       0x33 ./src/main.o
 .ARM.attributes
                0x00000396       0x2d e:/imt_arm/arm tools/01- imt sdk/imt_sdk_win_64/imt_sdk_win_64/winarm/armgcc/bin/../lib/gcc/arm-none-eabi/7.2.1/../../../../arm-none-eabi/lib/thumb/v7-m\libg_nano.a(lib_a-errno.o)
 .ARM.attributes
                0x000003c3       0x2d e:/imt_arm/arm tools/01- imt sdk/imt_sdk_win_64/imt_sdk_win_64/winarm/armgcc/bin/../lib/gcc/arm-none-eabi/7.2.1/../../../../arm-none-eabi/lib/thumb/v7-m\libg_nano.a(lib_a-impure.o)
 .ARM.attributes
                0x000003f0       0x2d e:/imt_arm/arm tools/01- imt sdk/imt_sdk_win_64/imt_sdk_win_64/winarm/armgcc/bin/../lib/gcc/arm-none-eabi/7.2.1/../../../../arm-none-eabi/lib/thumb/v7-m\libg_nano.a(lib_a-vsnprintf.o)
 .ARM.attributes
                0x0000041d       0x2d e:/imt_arm/arm tools/01- imt sdk/imt_sdk_win_64/imt_sdk_win_64/winarm/armgcc/bin/../lib/gcc/arm-none-eabi/7.2.1/../../../../arm-none-eabi/lib/thumb/v7-m\libg_nano.a(lib_a-nano-svfprintf.o)
 .ARM.attributes
                0x0000044a       0x2d e:/imt_arm/arm tools/01- imt sdk/imt_sdk_win_64/imt_sdk_win_64/winarm/armgcc/bin/../lib/gcc/arm-none-eabi/7.2.1/../../../../arm-none-eabi/lib/thumb/v7-m\libg_nano.a(lib_a-nano-vfprintf_i.o)
 .ARM.attributes
                0x00000477       0x2d e:/imt_arm/arm tools/01- imt sdk/imt_sdk_win_64/imt_sdk_win_64/winarm/armgcc/bin/../lib/gcc/arm-none-eabi/7.2.1/../../../../arm-none-eabi/lib/thumb/v7-m\libg_nano.a(lib_a-memchr-stub.o)
 .ARM.attributes
                0x000004a4       0x2d e:/imt_arm/arm tools/01- imt sdk/imt_sdk_win_64/imt_sdk_win_64/winarm/armgcc/bin/../lib/gcc/arm-none-eabi/7.2.1/../../../../arm-none-eabi/lib/thumb/v7-m\libg_nano.a(lib_a-memcpy-stub.o)
 .ARM.attributes
                0x000004d1       0x2d e:/imt_arm/arm tools/01- imt sdk/imt_sdk_win_64/imt_sdk_win_64/winarm/armgcc/bin/../lib/gcc/arm-none-eabi/7.2.1/../../../../arm-none-eabi/lib/thumb/v7-m\libg_nano.a(lib_a-memmove.o)
 .ARM.attributes
                0x000004fe       0x2d e:/imt_arm/arm tools/01- imt sdk/imt_sdk_win_64/imt_sdk_win_64/winarm/armgcc/bin/../lib/gcc/arm-none-eabi/7.2.1/../../../../arm-none-eabi/lib/thumb/v7-m\libg_nano.a(lib_a-nano-freer.o)
 .ARM.attributes
                0x0000052b       0x2d e:/imt_arm/arm tools/01- imt sdk/imt_sdk_win_64/imt_sdk_win_64/winarm/armgcc/bin/../lib/gcc/arm-none-eabi/7.2.1/../../../../arm-none-eabi/lib/thumb/v7-m\libg_nano.a(lib_a-nano-mallocr.o)
 .ARM.attributes
                0x00000558       0x2d e:/imt_arm/arm tools/01- imt sdk/imt_sdk_win_64/imt_sdk_win_64/winarm/armgcc/bin/../lib/gcc/arm-none-eabi/7.2.1/../../../../arm-none-eabi/lib/thumb/v7-m\libg_nano.a(lib_a-nano-reallocr.o)
 .ARM.attributes
                0x00000585       0x2d e:/imt_arm/arm tools/01- imt sdk/imt_sdk_win_64/imt_sdk_win_64/winarm/armgcc/bin/../lib/gcc/arm-none-eabi/7.2.1/../../../../arm-none-eabi/lib/thumb/v7-m\libg_nano.a(lib_a-sbrkr.o)
 .ARM.attributes
                0x000005b2       0x2d e:/imt_arm/arm tools/01- imt sdk/imt_sdk_win_64/imt_sdk_win_64/winarm/armgcc/bin/../lib/gcc/arm-none-eabi/7.2.1/../../../../arm-none-eabi/lib/thumb/v7-m\libg_nano.a(lib_a-mlock.o)
 .ARM.attributes
                0x000005df       0x2d e:/imt_arm/arm tools/01- imt sdk/imt_sdk_win_64/imt_sdk_win_64/winarm/armgcc/bin/../lib/gcc/arm-none-eabi/7.2.1/../../../../arm-none-eabi/lib/thumb/v7-m\libg_nano.a(lib_a-nano-msizer.o)

.debug
 *(.debug)

.line
 *(.line)

.debug_srcinfo
 *(.debug_srcinfo)

.debug_sfnames
 *(.debug_sfnames)

.debug_aranges  0x00000000      0x478
 *(.debug_aranges)
 .debug_aranges
                0x00000000       0x28 ./system/src/newlib/_exit.o
 .debug_aranges
                0x00000028       0x20 ./system/src/newlib/_sbrk.o
 .debug_aranges
                0x00000048       0x40 ./system/src/newlib/_startup.o
 .debug_aranges
                0x00000088       0x30 ./system/src/newlib/_syscalls.o
 .debug_aranges
                0x000000b8       0x38 ./system/src/diag/Trace.o
 .debug_aranges
                0x000000f0       0x30 ./system/src/diag/trace_impl.o
 .debug_aranges
                0x00000120       0x28 ./system/src/cortexm/_initialize_hardware.o
 .debug_aranges
                0x00000148       0x90 ./system/src/cortexm/exception_handlers.o
 .debug_aranges
                0x000001d8       0x38 ./system/src/cmsis/system_stm32f10x.o
 .debug_aranges
                0x00000210       0x20 ./system/src/cmsis/vectors_stm32f10x.o
 .debug_aranges
                0x00000230       0x40 ./src/DIO_Prog.o
 .debug_aranges
                0x00000270       0x50 ./src/DMA_Prog.o
 .debug_aranges
                0x000002c0       0x48 ./src/FLASH_Prog.o
 .debug_aranges
                0x00000308       0x70 ./src/NVIC_program.o
 .debug_aranges
                0x00000378       0x38 ./src/RCC_Prog.o
 .debug_aranges
                0x000003b0       0x58 ./src/USART_Prog.o
 .debug_aranges
                0x00000408       0x50 ./src/flash_usart.o
 .debug_aranges
                0x00000458       0x20 ./src/main.o

.debug_pubnames
 *(.debug_pubnames)

.debug_info     0x00000000     0x7225
 *(.debug_info .gnu.linkonce.wi.*)
 .debug_info    0x00000000      0x956 ./system/src/newlib/_exit.o
 .debug_info    0x00000956      0x942 ./system/src/newlib/_sbrk.o
 .debug_info    0x00001298      0x42e ./system/src/newlib/_startup.o
 .debug_info    0x000016c6      0xa19 ./system/src/newlib/_syscalls.o
 .debug_info    0x000020df      0xb2a ./system/src/diag/Trace.o
 .debug_info    0x00002c09      0x363 ./system/src/diag/trace_impl.o
 .debug_info    0x00002f6c      0x2b5 ./system/src/cortexm/_initialize_hardware.o
 .debug_info    0x00003221     0x1140 ./system/src/cortexm/exception_handlers.o
 .debug_info    0x00004361      0x494 ./system/src/cmsis/system_stm32f10x.o
 .debug_info    0x000047f5       0xca ./system/src/cmsis/vectors_stm32f10x.o
 .debug_info    0x000048bf      0x1eb ./src/DIO_Prog.o
 .debug_info    0x00004aaa      0xc32 ./src/DMA_Prog.o
 .debug_info    0x000056dc      0x266 ./src/FLASH_Prog.o
 .debug_info    0x00005942      0x4a1 ./src/NVIC_program.o
 .debug_info    0x00005de3       0xf5 ./src/RCC_Prog.o
 .debug_info    0x00005ed8      0x4f0 ./src/USART_Prog.o
 .debug_info    0x000063c8      0xa8a ./src/flash_usart.o
 .debug_info    0x00006e52      0x3d3 ./src/main.o

.debug_abbrev   0x00000000     0x1d80
 *(.debug_abbrev)
 .debug_abbrev  0x00000000      0x1f3 ./system/src/newlib/_exit.o
 .debug_abbrev  0x000001f3      0x1fc ./system/src/newlib/_sbrk.o
 .debug_abbrev  0x000003ef      0x1b3 ./system/src/newlib/_startup.o
 .debug_abbrev  0x000005a2      0x234 ./system/src/newlib/_syscalls.o
 .debug_abbrev  0x000007d6      0x276 ./system/src/diag/Trace.o
 .debug_abbrev  0x00000a4c      0x1e2 ./system/src/diag/trace_impl.o
 .debug_abbrev  0x00000c2e       0xea ./system/src/cortexm/_initialize_hardware.o
 .debug_abbrev  0x00000d18      0x32b ./system/src/cortexm/exception_handlers.o
 .debug_abbrev  0x00001043      0x177 ./system/src/cmsis/system_stm32f10x.o
 .debug_abbrev  0x000011ba       0x9d ./system/src/cmsis/vectors_stm32f10x.o
 .debug_abbrev  0x00001257      0x10f ./src/DIO_Prog.o
 .debug_abbrev  0x00001366      0x22f ./src/DMA_Prog.o
 .debug_abbrev  0x00001595      0x139 ./src/FLASH_Prog.o
 .debug_abbrev  0x000016ce      0x158 ./src/NVIC_program.o
 .debug_abbrev  0x00001826       0x7f ./src/RCC_Prog.o
 .debug_abbrev  0x000018a5      0x1f6 ./src/USART_Prog.o
 .debug_abbrev  0x00001a9b      0x22a ./src/flash_usart.o
 .debug_abbrev  0x00001cc5       0xbb ./src/main.o

.debug_line     0x00000000     0x3ba6
 *(.debug_line)
 .debug_line    0x00000000      0x3ab ./system/src/newlib/_exit.o
 .debug_line    0x000003ab      0x35f ./system/src/newlib/_sbrk.o
 .debug_line    0x0000070a      0x419 ./system/src/newlib/_startup.o
 .debug_line    0x00000b23      0x48c ./system/src/newlib/_syscalls.o
 .debug_line    0x00000faf      0x427 ./system/src/diag/Trace.o
 .debug_line    0x000013d6      0x694 ./system/src/diag/trace_impl.o
 .debug_line    0x00001a6a      0x38b ./system/src/cortexm/_initialize_hardware.o
 .debug_line    0x00001df5      0x756 ./system/src/cortexm/exception_handlers.o
 .debug_line    0x0000254b      0x3fe ./system/src/cmsis/system_stm32f10x.o
 .debug_line    0x00002949      0x117 ./system/src/cmsis/vectors_stm32f10x.o
 .debug_line    0x00002a60      0x160 ./src/DIO_Prog.o
 .debug_line    0x00002bc0      0x487 ./src/DMA_Prog.o
 .debug_line    0x00003047      0x12f ./src/FLASH_Prog.o
 .debug_line    0x00003176      0x17c ./src/NVIC_program.o
 .debug_line    0x000032f2       0xd4 ./src/RCC_Prog.o
 .debug_line    0x000033c6      0x1dd ./src/USART_Prog.o
 .debug_line    0x000035a3      0x537 ./src/flash_usart.o
 .debug_line    0x00003ada       0xcc ./src/main.o

.debug_frame    0x00000000      0xb98
 *(.debug_frame)
 .debug_frame   0x00000000       0x38 ./system/src/newlib/_exit.o
 .debug_frame   0x00000038       0x28 ./system/src/newlib/_sbrk.o
 .debug_frame   0x00000060       0x7c ./system/src/newlib/_startup.o
 .debug_frame   0x000000dc       0x50 ./system/src/newlib/_syscalls.o
 .debug_frame   0x0000012c       0x94 ./system/src/diag/Trace.o
 .debug_frame   0x000001c0       0x64 ./system/src/diag/trace_impl.o
 .debug_frame   0x00000224       0x40 ./system/src/cortexm/_initialize_hardware.o
 .debug_frame   0x00000264      0x158 ./system/src/cortexm/exception_handlers.o
 .debug_frame   0x000003bc       0x6c ./system/src/cmsis/system_stm32f10x.o
 .debug_frame   0x00000428       0x20 ./system/src/cmsis/vectors_stm32f10x.o
 .debug_frame   0x00000448       0x6c ./src/DIO_Prog.o
 .debug_frame   0x000004b4       0x98 ./src/DMA_Prog.o
 .debug_frame   0x0000054c       0x90 ./src/FLASH_Prog.o
 .debug_frame   0x000005dc       0xd8 ./src/NVIC_program.o
 .debug_frame   0x000006b4       0x50 ./src/RCC_Prog.o
 .debug_frame   0x00000704       0xcc ./src/USART_Prog.o
 .debug_frame   0x000007d0       0xb0 ./src/flash_usart.o
 .debug_frame   0x00000880       0x28 ./src/main.o
 .debug_frame   0x000008a8       0x20 e:/imt_arm/arm tools/01- imt sdk/imt_sdk_win_64/imt_sdk_win_64/winarm/armgcc/bin/../lib/gcc/arm-none-eabi/7.2.1/../../../../arm-none-eabi/lib/thumb/v7-m\libg_nano.a(lib_a-errno.o)
 .debug_frame   0x000008c8       0x4c e:/imt_arm/arm tools/01- imt sdk/imt_sdk_win_64/imt_sdk_win_64/winarm/armgcc/bin/../lib/gcc/arm-none-eabi/7.2.1/../../../../arm-none-eabi/lib/thumb/v7-m\libg_nano.a(lib_a-vsnprintf.o)
 .debug_frame   0x00000914       0x90 e:/imt_arm/arm tools/01- imt sdk/imt_sdk_win_64/imt_sdk_win_64/winarm/armgcc/bin/../lib/gcc/arm-none-eabi/7.2.1/../../../../arm-none-eabi/lib/thumb/v7-m\libg_nano.a(lib_a-nano-svfprintf.o)
 .debug_frame   0x000009a4       0x60 e:/imt_arm/arm tools/01- imt sdk/imt_sdk_win_64/imt_sdk_win_64/winarm/armgcc/bin/../lib/gcc/arm-none-eabi/7.2.1/../../../../arm-none-eabi/lib/thumb/v7-m\libg_nano.a(lib_a-nano-vfprintf_i.o)
 .debug_frame   0x00000a04       0x28 e:/imt_arm/arm tools/01- imt sdk/imt_sdk_win_64/imt_sdk_win_64/winarm/armgcc/bin/../lib/gcc/arm-none-eabi/7.2.1/../../../../arm-none-eabi/lib/thumb/v7-m\libg_nano.a(lib_a-memchr-stub.o)
 .debug_frame   0x00000a2c       0x28 e:/imt_arm/arm tools/01- imt sdk/imt_sdk_win_64/imt_sdk_win_64/winarm/armgcc/bin/../lib/gcc/arm-none-eabi/7.2.1/../../../../arm-none-eabi/lib/thumb/v7-m\libg_nano.a(lib_a-memcpy-stub.o)
 .debug_frame   0x00000a54       0x28 e:/imt_arm/arm tools/01- imt sdk/imt_sdk_win_64/imt_sdk_win_64/winarm/armgcc/bin/../lib/gcc/arm-none-eabi/7.2.1/../../../../arm-none-eabi/lib/thumb/v7-m\libg_nano.a(lib_a-memmove.o)
 .debug_frame   0x00000a7c       0x38 e:/imt_arm/arm tools/01- imt sdk/imt_sdk_win_64/imt_sdk_win_64/winarm/armgcc/bin/../lib/gcc/arm-none-eabi/7.2.1/../../../../arm-none-eabi/lib/thumb/v7-m\libg_nano.a(lib_a-nano-freer.o)
 .debug_frame   0x00000ab4       0x2c e:/imt_arm/arm tools/01- imt sdk/imt_sdk_win_64/imt_sdk_win_64/winarm/armgcc/bin/../lib/gcc/arm-none-eabi/7.2.1/../../../../arm-none-eabi/lib/thumb/v7-m\libg_nano.a(lib_a-nano-mallocr.o)
 .debug_frame   0x00000ae0       0x3c e:/imt_arm/arm tools/01- imt sdk/imt_sdk_win_64/imt_sdk_win_64/winarm/armgcc/bin/../lib/gcc/arm-none-eabi/7.2.1/../../../../arm-none-eabi/lib/thumb/v7-m\libg_nano.a(lib_a-nano-reallocr.o)
 .debug_frame   0x00000b1c       0x2c e:/imt_arm/arm tools/01- imt sdk/imt_sdk_win_64/imt_sdk_win_64/winarm/armgcc/bin/../lib/gcc/arm-none-eabi/7.2.1/../../../../arm-none-eabi/lib/thumb/v7-m\libg_nano.a(lib_a-sbrkr.o)
 .debug_frame   0x00000b48       0x30 e:/imt_arm/arm tools/01- imt sdk/imt_sdk_win_64/imt_sdk_win_64/winarm/armgcc/bin/../lib/gcc/arm-none-eabi/7.2.1/../../../../arm-none-eabi/lib/thumb/v7-m\libg_nano.a(lib_a-mlock.o)
 .debug_frame   0x00000b78       0x20 e:/imt_arm/arm tools/01- imt sdk/imt_sdk_win_64/imt_sdk_win_64/winarm/armgcc/bin/../lib/gcc/arm-none-eabi/7.2.1/../../../../arm-none-eabi/lib/thumb/v7-m\libg_nano.a(lib_a-nano-msizer.o)

.debug_str      0x00000000    0x575ec
 *(.debug_str)
 .debug_str     0x00000000     0x7d05 ./system/src/newlib/_exit.o
                               0x7ed8 (size before relaxing)
 .debug_str     0x00007d05      0x4f5 ./system/src/newlib/_sbrk.o
                               0x728a (size before relaxing)
 .debug_str     0x000081fa      0xbbd ./system/src/newlib/_startup.o
                               0x69c5 (size before relaxing)
 .debug_str     0x00008db7      0xe8b ./system/src/newlib/_syscalls.o
                               0x8165 (size before relaxing)
 .debug_str     0x00009c42      0x826 ./system/src/diag/Trace.o
                               0x8650 (size before relaxing)
 .debug_str     0x0000a468    0x4b2b9 ./system/src/diag/trace_impl.o
                              0x52a36 (size before relaxing)
 .debug_str     0x00055721       0xc4 ./system/src/cortexm/_initialize_hardware.o
                              0x4e827 (size before relaxing)
 .debug_str     0x000557e5      0x1a6 ./system/src/cortexm/exception_handlers.o
                              0x53c5b (size before relaxing)
 .debug_str     0x0005598b      0x114 ./system/src/cmsis/system_stm32f10x.o
                              0x4e8c1 (size before relaxing)
 .debug_str     0x00055a9f       0x57 ./system/src/cmsis/vectors_stm32f10x.o
                               0x3866 (size before relaxing)
 .debug_str     0x00055af6      0x383 ./src/DIO_Prog.o
                               0x30f4 (size before relaxing)
 .debug_str     0x00055e79      0x598 ./src/DMA_Prog.o
                               0x7b5c (size before relaxing)
 .debug_str     0x00056411      0x154 ./src/FLASH_Prog.o
                               0x3012 (size before relaxing)
 .debug_str     0x00056565      0x79f ./src/NVIC_program.o
                               0x3637 (size before relaxing)
 .debug_str     0x00056d04      0x679 ./src/RCC_Prog.o
                               0x3511 (size before relaxing)
 .debug_str     0x0005737d       0xad ./src/USART_Prog.o
                               0x3430 (size before relaxing)
 .debug_str     0x0005742a      0x1b4 ./src/flash_usart.o
                              0x4fb89 (size before relaxing)
 .debug_str     0x000575de        0xe ./src/main.o
                               0x3ab4 (size before relaxing)

.debug_loc      0x00000000     0x13ee
 *(.debug_loc)
 .debug_loc     0x00000000       0x85 ./system/src/newlib/_sbrk.o
 .debug_loc     0x00000085      0x1a9 ./system/src/newlib/_startup.o
 .debug_loc     0x0000022e       0x63 ./system/src/newlib/_syscalls.o
 .debug_loc     0x00000291       0xf6 ./system/src/diag/Trace.o
 .debug_loc     0x00000387      0x121 ./system/src/diag/trace_impl.o
 .debug_loc     0x000004a8      0x291 ./system/src/cortexm/exception_handlers.o
 .debug_loc     0x00000739       0xdf ./system/src/cmsis/system_stm32f10x.o
 .debug_loc     0x00000818      0x42c ./src/DIO_Prog.o
 .debug_loc     0x00000c44       0x4c ./src/DMA_Prog.o
 .debug_loc     0x00000c90      0x1af ./src/FLASH_Prog.o
 .debug_loc     0x00000e3f      0x2cb ./src/NVIC_program.o
 .debug_loc     0x0000110a       0xa0 ./src/RCC_Prog.o
 .debug_loc     0x000011aa      0x16d ./src/USART_Prog.o
 .debug_loc     0x00001317       0xd7 ./src/flash_usart.o

.debug_macinfo
 *(.debug_macinfo)

.debug_weaknames
 *(.debug_weaknames)

.debug_funcnames
 *(.debug_funcnames)

.debug_typenames
 *(.debug_typenames)

.debug_varnames
 *(.debug_varnames)
OUTPUT(Bootloader3.elf elf32-littlearm)

.debug_ranges   0x00000000      0x3d0
 .debug_ranges  0x00000000       0x18 ./system/src/newlib/_exit.o
 .debug_ranges  0x00000018       0x10 ./system/src/newlib/_sbrk.o
 .debug_ranges  0x00000028       0x78 ./system/src/newlib/_startup.o
 .debug_ranges  0x000000a0       0x20 ./system/src/newlib/_syscalls.o
 .debug_ranges  0x000000c0       0x28 ./system/src/diag/Trace.o
 .debug_ranges  0x000000e8       0x50 ./system/src/diag/trace_impl.o
 .debug_ranges  0x00000138       0x18 ./system/src/cortexm/_initialize_hardware.o
 .debug_ranges  0x00000150       0x80 ./system/src/cortexm/exception_handlers.o
 .debug_ranges  0x000001d0       0x28 ./system/src/cmsis/system_stm32f10x.o
 .debug_ranges  0x000001f8       0x10 ./system/src/cmsis/vectors_stm32f10x.o
 .debug_ranges  0x00000208       0x30 ./src/DIO_Prog.o
 .debug_ranges  0x00000238       0x40 ./src/DMA_Prog.o
 .debug_ranges  0x00000278       0x38 ./src/FLASH_Prog.o
 .debug_ranges  0x000002b0       0x60 ./src/NVIC_program.o
 .debug_ranges  0x00000310       0x28 ./src/RCC_Prog.o
 .debug_ranges  0x00000338       0x48 ./src/USART_Prog.o
 .debug_ranges  0x00000380       0x40 ./src/flash_usart.o
 .debug_ranges  0x000003c0       0x10 ./src/main.o

.debug_macro    0x00000000     0x3230
 .debug_macro   0x00000000      0x1b4 ./system/src/newlib/_exit.o
 .debug_macro   0x000001b4       0x9c ./system/src/newlib/_exit.o
 .debug_macro   0x00000250      0x10e ./system/src/newlib/_exit.o
 .debug_macro   0x0000035e       0x8d ./system/src/newlib/_exit.o
 .debug_macro   0x000003eb       0x43 ./system/src/newlib/_exit.o
 .debug_macro   0x0000042e      0x330 ./system/src/newlib/_exit.o
 .debug_macro   0x0000075e       0x35 ./system/src/newlib/_exit.o
 .debug_macro   0x00000793      0x169 ./system/src/newlib/_sbrk.o
 .debug_macro   0x000008fc      0x174 ./system/src/newlib/_sbrk.o
 .debug_macro   0x00000a70       0x10 ./system/src/newlib/_sbrk.o
 .debug_macro   0x00000a80      0x23b ./system/src/newlib/_sbrk.o
 .debug_macro   0x00000cbb      0x173 ./system/src/newlib/_startup.o
 .debug_macro   0x00000e2e      0x217 ./system/src/newlib/_syscalls.o
 .debug_macro   0x00001045       0x1c ./system/src/newlib/_syscalls.o
 .debug_macro   0x00001061       0x10 ./system/src/newlib/_syscalls.o
 .debug_macro   0x00001071       0x10 ./system/src/newlib/_syscalls.o
 .debug_macro   0x00001081       0x10 ./system/src/newlib/_syscalls.o
 .debug_macro   0x00001091       0x35 ./system/src/newlib/_syscalls.o
 .debug_macro   0x000010c6      0x122 ./system/src/newlib/_syscalls.o
 .debug_macro   0x000011e8       0x88 ./system/src/newlib/_syscalls.o
 .debug_macro   0x00001270       0x2b ./system/src/newlib/_syscalls.o
 .debug_macro   0x0000129b      0x118 ./system/src/newlib/_syscalls.o
 .debug_macro   0x000013b3      0x189 ./system/src/newlib/_syscalls.o
 .debug_macro   0x0000153c       0x16 ./system/src/newlib/_syscalls.o
 .debug_macro   0x00001552      0x1fb ./system/src/diag/Trace.o
 .debug_macro   0x0000174d       0x16 ./system/src/diag/Trace.o
 .debug_macro   0x00001763       0x97 ./system/src/diag/Trace.o
 .debug_macro   0x000017fa       0xfd ./system/src/diag/Trace.o
 .debug_macro   0x000018f7       0x10 ./system/src/diag/Trace.o
 .debug_macro   0x00001907       0x16 ./system/src/diag/Trace.o
 .debug_macro   0x0000191d      0x16f ./system/src/diag/Trace.o
 .debug_macro   0x00001a8c       0x4c ./system/src/diag/Trace.o
 .debug_macro   0x00001ad8       0x16 ./system/src/diag/Trace.o
 .debug_macro   0x00001aee      0x2da ./system/src/diag/trace_impl.o
 .debug_macro   0x00001dc8       0x10 ./system/src/diag/trace_impl.o
 .debug_macro   0x00001dd8       0xcf ./system/src/diag/trace_impl.o
 .debug_macro   0x00001ea7       0xbe ./system/src/diag/trace_impl.o
 .debug_macro   0x00001f65       0x22 ./system/src/diag/trace_impl.o
 .debug_macro   0x00001f87      0x16b ./system/src/cortexm/_initialize_hardware.o
 .debug_macro   0x000020f2      0x324 ./system/src/cortexm/exception_handlers.o
 .debug_macro   0x00002416       0x3b ./system/src/cortexm/exception_handlers.o
 .debug_macro   0x00002451       0x10 ./system/src/cortexm/exception_handlers.o
 .debug_macro   0x00002461      0x16e ./system/src/cmsis/system_stm32f10x.o
 .debug_macro   0x000025cf       0x34 ./system/src/cmsis/vectors_stm32f10x.o
 .debug_macro   0x00002603       0x36 ./src/DIO_Prog.o
 .debug_macro   0x00002639       0x2e ./src/DIO_Prog.o
 .debug_macro   0x00002667       0xe2 ./src/DIO_Prog.o
 .debug_macro   0x00002749       0x1c ./src/DIO_Prog.o
 .debug_macro   0x00002765      0x1e0 ./src/DMA_Prog.o
 .debug_macro   0x00002945       0x16 ./src/DMA_Prog.o
 .debug_macro   0x0000295b      0x118 ./src/DMA_Prog.o
 .debug_macro   0x00002a73       0x10 ./src/DMA_Prog.o
 .debug_macro   0x00002a83       0x6a ./src/DMA_Prog.o
 .debug_macro   0x00002aed       0x10 ./src/DMA_Prog.o
 .debug_macro   0x00002afd       0x36 ./src/FLASH_Prog.o
 .debug_macro   0x00002b33       0x10 ./src/FLASH_Prog.o
 .debug_macro   0x00002b43       0x40 ./src/FLASH_Prog.o
 .debug_macro   0x00002b83       0x49 ./src/NVIC_program.o
 .debug_macro   0x00002bcc       0x34 ./src/NVIC_program.o
 .debug_macro   0x00002c00       0x36 ./src/RCC_Prog.o
 .debug_macro   0x00002c36      0x172 ./src/RCC_Prog.o
 .debug_macro   0x00002da8       0x46 ./src/RCC_Prog.o
 .debug_macro   0x00002dee       0x53 ./src/USART_Prog.o
 .debug_macro   0x00002e41       0x1c ./src/USART_Prog.o
 .debug_macro   0x00002e5d      0x1f3 ./src/flash_usart.o
 .debug_macro   0x00003050      0x172 ./src/flash_usart.o
 .debug_macro   0x000031c2       0x1c ./src/flash_usart.o
 .debug_macro   0x000031de       0x52 ./src/main.o
